// Jest Snapshot v1, https://goo.gl/fbAQLP

exports[`Storyshots Hello test 1`] = `
<div>
  <div>
    Loading...
  </div>
  <div>
    This 
    <span
      className="css-Green-4om2sn0 css-45352"
    >
      is a
    </span>
     
    <div
      className="css-Red-4om2sn1 css-1gao8uk"
    >
      missing translation
    </div>
  </div>
  <h2>
    Welcome to Razzle
  </h2>
</div>
`;
